// Jest Snapshot v1, https://goo.gl/fbAQLP

exports[`Index renders successfully 1`] = `
<body>
  <div>
    <main
      class="flex flex-col items-center justify-between min-h-screen p-24"
    >
      <p>
        Hello
      </p>
    </main>
  </div>
</body>
`;
